Return	["/dev/hda1", "/dev/hda5", "/dev/hda6", "/dev/sda1", "/dev/sda3"]
Return	["/dev/hda12", "/dev/hda5", "/dev/hda96", "/dev/sda31", "/dev/sda53"]
