Return	true
Dump	detect group list: []
Return	nil
Dump	detect group list: ["packages_selection"]
Return	["packages_db_check"]
Dump	detect group list: ["packages_selection", "packages_db_check"]
Return	nil
Dump	detect group list: ["boot_check"]
Return	["fs_check", "fstab_check", "swap_check"]
Dump	detect group list: ["boot_check", "fstab_check", "fs_check", "swap_check"]
