Dump	global entries: $[]
Return	true
Dump	global entries (keys): ["boot_check", "fs_check", "fstab_check", "init", "mbr_check", "packages_db_check", "packages_selection", "packages_verify_all", "packages_verify_base", "swap_check"]
Dump	detect group: []
Return	nil
Dump	detect group: ["init", "mbr_check", "swap_check", "fs_check", "fstab_check", "packages_db_check", "packages_selection", "packages_verify_base", "boot_check"]
Dump	----------------- start detection [no hard disk found]: ------
Return	`error
Dump	--------------------------------------------------------------
Dump	--- status: detect_error
Dump	--- failed in module: osr_module_partition
Dump	----------------- start detection [hard disks now ok]: --------
Read	.etc.mtab [$["file":"/"]]
Log	Skip detection method (requires not solved ) mount_all
Log	Skip detection method (requires not solved ) find_package_db
Log	Skip detection method (requires not solved ) find_minimal_selection
Log	Skip detection method (requires not solved ) verify_base_packages
Log	Skip detection method (requires not solved ) find_config_files
Log	Skip detection method (requires not solved ) find_bootloader_type
Log	Skip detection method (requires not solved ) find_boot_root
Log	Skip detection method (requires not solved ) bootloader_package_installed
Log	Skip detection method (requires not solved ) verify_bootloader_package
Log	Skip detection method (requires not solved ) bootloader_package_version
Log	Skip detection method (requires not solved ) bootloader_initrd_modules
Log	Skip detection method (requires not solved ) bootloader_conf_exists
Log	Skip detection method (requires not solved ) bootloader_conf_check
Log	Skip detection method (requires not solved ) bootloader_ask_user
Return	`detectok
