Read	.proc.modules $[]
Dump	--------------------- loading module 'mod1' [modprobe failed]-
Read	.proc.modules $[]
Read	.proc.modules $[]
Read	.proc.modules $[]
Execute	.target.modprobe "mod1" "" false
Return	false
Dump	--------------------- loading module 'mod1' [success]---------
Read	.proc.modules $[]
Read	.proc.modules $[]
Read	.proc.modules $[]
Execute	.target.modprobe "mod1" "arg" true
Return	true
Dump	--------------------- loading module 'mod1' [already loaded] -
Read	.proc.modules $["mod1":$[1:1]]
Read	.proc.modules $["mod1":$[1:1]]
Return	true
